[33m[nodemon] 2.0.5[39m
[33m[nodemon] to restart at any time, enter `rs`[39m
[33m[nodemon] watching path(s): *.*[39m
[33m[nodemon] watching extensions: js,mjs,json[39m
[32m[nodemon] starting `node .\server.js`[39m
logger:[object Object]
Connected to database!
current server time:2021-01-03T11:41:10.275Z
inside server
[31m[nodemon] app crashed - waiting for file changes before starting...[39m
